// Jest Snapshot v1, https://goo.gl/fbAQLP

exports[`Renders "Hello World" 1`] = `
<div>
  <div
    class="example "
  >
    Hello World
  </div>
</div>
`;
